Archive member included because of file (symbol)

c:/program files (x86)/atmel/avr studio 5.1/extensions/atmel/avrgcc/3.3.1.27/avrtoolchain/bin/../lib/gcc/avr/4.5.1/avr5\libgcc.a(_mulsi3.o)
                              transmitter_part.o (__mulsi3)
c:/program files (x86)/atmel/avr studio 5.1/extensions/atmel/avrgcc/3.3.1.27/avrtoolchain/bin/../lib/gcc/avr/4.5.1/avr5\libgcc.a(_udivmodsi4.o)
                              transmitter_part.o (__udivmodsi4)
c:/program files (x86)/atmel/avr studio 5.1/extensions/atmel/avrgcc/3.3.1.27/avrtoolchain/bin/../lib/gcc/avr/4.5.1/avr5\libgcc.a(_divmodsi4.o)
                              LCD.o (__divmodsi4)
c:/program files (x86)/atmel/avr studio 5.1/extensions/atmel/avrgcc/3.3.1.27/avrtoolchain/bin/../lib/gcc/avr/4.5.1/avr5\libgcc.a(_exit.o)
                              c:/program files (x86)/atmel/avr studio 5.1/extensions/atmel/avrgcc/3.3.1.27/avrtoolchain/bin/../lib/gcc/avr/4.5.1/../../../../avr/lib/avr5/crtm32a.o (exit)
c:/program files (x86)/atmel/avr studio 5.1/extensions/atmel/avrgcc/3.3.1.27/avrtoolchain/bin/../lib/gcc/avr/4.5.1/avr5\libgcc.a(_copy_data.o)
                              ESP8266.o (__do_copy_data)
c:/program files (x86)/atmel/avr studio 5.1/extensions/atmel/avrgcc/3.3.1.27/avrtoolchain/bin/../lib/gcc/avr/4.5.1/avr5\libgcc.a(_clear_bss.o)
                              ESP8266.o (__do_clear_bss)

Allocating common symbols
Common symbol       size              file

longtude            0xe               transmitter_part.o
DataCome            0xc8              ESP8266.o
latitude            0xd               transmitter_part.o

Memory Configuration

Name             Origin             Length             Attributes
text             0x00000000         0x00020000         xr
data             0x00800060         0x0000ffa0         rw !x
eeprom           0x00810000         0x00010000         rw !x
fuse             0x00820000         0x00000400         rw !x
lock             0x00830000         0x00000400         rw !x
signature        0x00840000         0x00000400         rw !x
*default*        0x00000000         0xffffffff

Linker script and memory map

LOAD c:/program files (x86)/atmel/avr studio 5.1/extensions/atmel/avrgcc/3.3.1.27/avrtoolchain/bin/../lib/gcc/avr/4.5.1/../../../../avr/lib/avr5/crtm32a.o
LOAD DIO.o
LOAD ESP8266.o
LOAD GPS.o
LOAD LCD.o
LOAD LED.o
LOAD SPI.o
LOAD transmitter_part.o
LOAD uart.o
LOAD c:/program files (x86)/atmel/avr studio 5.1/extensions/atmel/avrgcc/3.3.1.27/avrtoolchain/bin/../lib/gcc/avr/4.5.1/../../../../avr/lib/avr5\libm.a
LOAD c:/program files (x86)/atmel/avr studio 5.1/extensions/atmel/avrgcc/3.3.1.27/avrtoolchain/bin/../lib/gcc/avr/4.5.1/avr5\libgcc.a
LOAD c:/program files (x86)/atmel/avr studio 5.1/extensions/atmel/avrgcc/3.3.1.27/avrtoolchain/bin/../lib/gcc/avr/4.5.1/../../../../avr/lib/avr5\libc.a
LOAD c:/program files (x86)/atmel/avr studio 5.1/extensions/atmel/avrgcc/3.3.1.27/avrtoolchain/bin/../lib/gcc/avr/4.5.1/avr5\libgcc.a

.hash
 *(.hash)

.dynsym
 *(.dynsym)

.dynstr
 *(.dynstr)

.gnu.version
 *(.gnu.version)

.gnu.version_d
 *(.gnu.version_d)

.gnu.version_r
 *(.gnu.version_r)

.rel.init
 *(.rel.init)

.rela.init
 *(.rela.init)

.rel.text
 *(.rel.text)
 *(.rel.text.*)
 *(.rel.gnu.linkonce.t*)

.rela.text
 *(.rela.text)
 *(.rela.text.*)
 *(.rela.gnu.linkonce.t*)

.rel.fini
 *(.rel.fini)

.rela.fini
 *(.rela.fini)

.rel.rodata
 *(.rel.rodata)
 *(.rel.rodata.*)
 *(.rel.gnu.linkonce.r*)

.rela.rodata
 *(.rela.rodata)
 *(.rela.rodata.*)
 *(.rela.gnu.linkonce.r*)

.rel.data
 *(.rel.data)
 *(.rel.data.*)
 *(.rel.gnu.linkonce.d*)

.rela.data
 *(.rela.data)
 *(.rela.data.*)
 *(.rela.gnu.linkonce.d*)

.rel.ctors
 *(.rel.ctors)

.rela.ctors
 *(.rela.ctors)

.rel.dtors
 *(.rel.dtors)

.rela.dtors
 *(.rela.dtors)

.rel.got
 *(.rel.got)

.rela.got
 *(.rela.got)

.rel.bss
 *(.rel.bss)

.rela.bss
 *(.rela.bss)

.rel.plt
 *(.rel.plt)

.rela.plt
 *(.rela.plt)

.text           0x00000000      0xfc8
 *(.vectors)
 .vectors       0x00000000       0x54 c:/program files (x86)/atmel/avr studio 5.1/extensions/atmel/avrgcc/3.3.1.27/avrtoolchain/bin/../lib/gcc/avr/4.5.1/../../../../avr/lib/avr5/crtm32a.o
                0x00000000                __vector_default
                0x00000000                __vectors
 *(.vectors)
 *(.progmem.gcc*)
 *(.progmem*)
                0x00000054                . = ALIGN (0x2)
                0x00000054                __trampolines_start = .
 *(.trampolines)
 .trampolines   0x00000054        0x0 linker stubs
 *(.trampolines*)
                0x00000054                __trampolines_end = .
 *(.jumptables)
 *(.jumptables*)
 *(.lowtext)
 *(.lowtext*)
                0x00000054                __ctors_start = .
 *(.ctors)
                0x00000054                __ctors_end = .
                0x00000054                __dtors_start = .
 *(.dtors)
                0x00000054                __dtors_end = .
 SORT(*)(.ctors)
 SORT(*)(.dtors)
 *(.init0)
 .init0         0x00000054        0x0 c:/program files (x86)/atmel/avr studio 5.1/extensions/atmel/avrgcc/3.3.1.27/avrtoolchain/bin/../lib/gcc/avr/4.5.1/../../../../avr/lib/avr5/crtm32a.o
                0x00000054                __init
 *(.init0)
 *(.init1)
 *(.init1)
 *(.init2)
 .init2         0x00000054        0xc c:/program files (x86)/atmel/avr studio 5.1/extensions/atmel/avrgcc/3.3.1.27/avrtoolchain/bin/../lib/gcc/avr/4.5.1/../../../../avr/lib/avr5/crtm32a.o
 *(.init2)
 *(.init3)
 *(.init3)
 *(.init4)
 .init4         0x00000060       0x16 c:/program files (x86)/atmel/avr studio 5.1/extensions/atmel/avrgcc/3.3.1.27/avrtoolchain/bin/../lib/gcc/avr/4.5.1/avr5\libgcc.a(_copy_data.o)
                0x00000060                __do_copy_data
 .init4         0x00000076       0x10 c:/program files (x86)/atmel/avr studio 5.1/extensions/atmel/avrgcc/3.3.1.27/avrtoolchain/bin/../lib/gcc/avr/4.5.1/avr5\libgcc.a(_clear_bss.o)
                0x00000076                __do_clear_bss
 *(.init4)
 *(.init5)
 *(.init5)
 *(.init6)
 *(.init6)
 *(.init7)
 *(.init7)
 *(.init8)
 *(.init8)
 *(.init9)
 .init9         0x00000086        0x8 c:/program files (x86)/atmel/avr studio 5.1/extensions/atmel/avrgcc/3.3.1.27/avrtoolchain/bin/../lib/gcc/avr/4.5.1/../../../../avr/lib/avr5/crtm32a.o
 *(.init9)
 *(.text)
 .text          0x0000008e        0x4 c:/program files (x86)/atmel/avr studio 5.1/extensions/atmel/avrgcc/3.3.1.27/avrtoolchain/bin/../lib/gcc/avr/4.5.1/../../../../avr/lib/avr5/crtm32a.o
                0x0000008e                __vector_1
                0x0000008e                __vector_12
                0x0000008e                __bad_interrupt
                0x0000008e                __vector_6
                0x0000008e                __vector_3
                0x0000008e                __vector_11
                0x0000008e                __vector_13
                0x0000008e                __vector_17
                0x0000008e                __vector_19
                0x0000008e                __vector_7
                0x0000008e                __vector_5
                0x0000008e                __vector_4
                0x0000008e                __vector_9
                0x0000008e                __vector_2
                0x0000008e                __vector_15
                0x0000008e                __vector_8
                0x0000008e                __vector_14
                0x0000008e                __vector_10
                0x0000008e                __vector_16
                0x0000008e                __vector_18
                0x0000008e                __vector_20
 .text          0x00000092      0x40a DIO.o
                0x00000092                DIO_SETPINDIR
                0x0000019c                DIO_SETPORTDIR
                0x000001be                DIO_SETPINVAL
                0x000002c8                DIO_SETPORTVAL
                0x000002ea                DIO_READPIN
                0x00000376                DIO_READPORT
                0x000003a8                DIO_PINTOGGLE
                0x00000422                DIO_SETPULLUPS
 .text          0x0000049c      0x21a ESP8266.o
                0x0000049c                ESP8266_ClearBuffer
                0x000004ba                ESP8266_SendHttpReq
                0x00000540                ESP8266_ConnectToSrvTcp
                0x00000590                ESP8266_ReceiveHttpReq
                0x0000060e                ESP8266_ConnectToWiFi
                0x0000065e                ESP8266_INIT
 .text          0x000006b6       0xf4 GPS.o
                0x000006b6                GPS_INIT
                0x000006bc                GPS_extract_position_val
 .text          0x000007aa      0x356 LCD.o
                0x000007aa                LCD_SENDCMD
                0x00000834                LCD_INIT
                0x000008b8                LCD_WRITECHAR
                0x00000942                LCD_WRITESTRING
                0x0000096c                LCD_GOTO
                0x000009a4                LCD_CLear
                0x000009ac                LCD_WRITEINT
 .text          0x00000b00       0xe0 LED.o
                0x00000b00                LED_INIT
                0x00000b3a                LED_ON
                0x00000b74                LED_OFF
                0x00000bae                LED_TOGGLE
 .text          0x00000be0      0x11e SPI.o
                0x00000be0                SPI_INIT_MASTER
                0x00000c0e                SPI_INIT_SLAVE
                0x00000c40                SPI_MASTER_INIT_TRANSMIT
                0x00000c4c                SPI_MASTER_END_TRANSMIT
                0x00000c58                SPI_TRANSCEIV_BYTE
                0x00000c6e                SPI_SEND_BYTE
                0x00000c82                SPI_RECEIVE_BYTE
                0x00000c96                SPI_SEND_STRING
                0x00000cc0                SPI_RECEIVE_STRING
 .text          0x00000cfe      0x16e transmitter_part.o
                0x00000cfe                s_to_i
                0x00000e2e                main
 .text          0x00000e6c       0xa0 uart.o
                0x00000e6c                UART_init
                0x00000e94                UART_sendByte
                0x00000e9c                UART_recieveByte
                0x00000ea4                UART_sendString
                0x00000ece                UART_receiveString
 .text          0x00000f0c        0x0 c:/program files (x86)/atmel/avr studio 5.1/extensions/atmel/avrgcc/3.3.1.27/avrtoolchain/bin/../lib/gcc/avr/4.5.1/avr5\libgcc.a(_mulsi3.o)
 .text          0x00000f0c        0x0 c:/program files (x86)/atmel/avr studio 5.1/extensions/atmel/avrgcc/3.3.1.27/avrtoolchain/bin/../lib/gcc/avr/4.5.1/avr5\libgcc.a(_udivmodsi4.o)
 .text          0x00000f0c        0x0 c:/program files (x86)/atmel/avr studio 5.1/extensions/atmel/avrgcc/3.3.1.27/avrtoolchain/bin/../lib/gcc/avr/4.5.1/avr5\libgcc.a(_divmodsi4.o)
 .text          0x00000f0c        0x0 c:/program files (x86)/atmel/avr studio 5.1/extensions/atmel/avrgcc/3.3.1.27/avrtoolchain/bin/../lib/gcc/avr/4.5.1/avr5\libgcc.a(_exit.o)
 .text          0x00000f0c        0x0 c:/program files (x86)/atmel/avr studio 5.1/extensions/atmel/avrgcc/3.3.1.27/avrtoolchain/bin/../lib/gcc/avr/4.5.1/avr5\libgcc.a(_copy_data.o)
 .text          0x00000f0c        0x0 c:/program files (x86)/atmel/avr studio 5.1/extensions/atmel/avrgcc/3.3.1.27/avrtoolchain/bin/../lib/gcc/avr/4.5.1/avr5\libgcc.a(_clear_bss.o)
                0x00000f0c                . = ALIGN (0x2)
 *(.text.*)
 .text.libgcc   0x00000f0c       0x3e c:/program files (x86)/atmel/avr studio 5.1/extensions/atmel/avrgcc/3.3.1.27/avrtoolchain/bin/../lib/gcc/avr/4.5.1/avr5\libgcc.a(_mulsi3.o)
                0x00000f0c                __mulsi3
 .text.libgcc   0x00000f4a       0x44 c:/program files (x86)/atmel/avr studio 5.1/extensions/atmel/avrgcc/3.3.1.27/avrtoolchain/bin/../lib/gcc/avr/4.5.1/avr5\libgcc.a(_udivmodsi4.o)
                0x00000f4a                __udivmodsi4
 .text.libgcc   0x00000f8e       0x36 c:/program files (x86)/atmel/avr studio 5.1/extensions/atmel/avrgcc/3.3.1.27/avrtoolchain/bin/../lib/gcc/avr/4.5.1/avr5\libgcc.a(_divmodsi4.o)
                0x00000f8e                __divmodsi4
 .text.libgcc   0x00000fc4        0x0 c:/program files (x86)/atmel/avr studio 5.1/extensions/atmel/avrgcc/3.3.1.27/avrtoolchain/bin/../lib/gcc/avr/4.5.1/avr5\libgcc.a(_exit.o)
 .text.libgcc   0x00000fc4        0x0 c:/program files (x86)/atmel/avr studio 5.1/extensions/atmel/avrgcc/3.3.1.27/avrtoolchain/bin/../lib/gcc/avr/4.5.1/avr5\libgcc.a(_copy_data.o)
 .text.libgcc   0x00000fc4        0x0 c:/program files (x86)/atmel/avr studio 5.1/extensions/atmel/avrgcc/3.3.1.27/avrtoolchain/bin/../lib/gcc/avr/4.5.1/avr5\libgcc.a(_clear_bss.o)
                0x00000fc4                . = ALIGN (0x2)
 *(.fini9)
 .fini9         0x00000fc4        0x0 c:/program files (x86)/atmel/avr studio 5.1/extensions/atmel/avrgcc/3.3.1.27/avrtoolchain/bin/../lib/gcc/avr/4.5.1/avr5\libgcc.a(_exit.o)
                0x00000fc4                _exit
                0x00000fc4                exit
 *(.fini9)
 *(.fini8)
 *(.fini8)
 *(.fini7)
 *(.fini7)
 *(.fini6)
 *(.fini6)
 *(.fini5)
 *(.fini5)
 *(.fini4)
 *(.fini4)
 *(.fini3)
 *(.fini3)
 *(.fini2)
 *(.fini2)
 *(.fini1)
 *(.fini1)
 *(.fini0)
 .fini0         0x00000fc4        0x4 c:/program files (x86)/atmel/avr studio 5.1/extensions/atmel/avrgcc/3.3.1.27/avrtoolchain/bin/../lib/gcc/avr/4.5.1/avr5\libgcc.a(_exit.o)
 *(.fini0)
                0x00000fc8                _etext = .

.data           0x00800060       0xac load address 0x00000fc8
                0x00800060                PROVIDE (__data_start, .)
 *(.data)
 .data          0x00800060        0x0 c:/program files (x86)/atmel/avr studio 5.1/extensions/atmel/avrgcc/3.3.1.27/avrtoolchain/bin/../lib/gcc/avr/4.5.1/../../../../avr/lib/avr5/crtm32a.o
 .data          0x00800060        0x0 DIO.o
 .data          0x00800060       0xa5 ESP8266.o
 .data          0x00800105        0x6 GPS.o
 .data          0x0080010b        0x0 LCD.o
 .data          0x0080010b        0x0 LED.o
 .data          0x0080010b        0x0 SPI.o
 .data          0x0080010b        0x0 transmitter_part.o
 .data          0x0080010b        0x0 uart.o
 .data          0x0080010b        0x0 c:/program files (x86)/atmel/avr studio 5.1/extensions/atmel/avrgcc/3.3.1.27/avrtoolchain/bin/../lib/gcc/avr/4.5.1/avr5\libgcc.a(_mulsi3.o)
 .data          0x0080010b        0x0 c:/program files (x86)/atmel/avr studio 5.1/extensions/atmel/avrgcc/3.3.1.27/avrtoolchain/bin/../lib/gcc/avr/4.5.1/avr5\libgcc.a(_udivmodsi4.o)
 .data          0x0080010b        0x0 c:/program files (x86)/atmel/avr studio 5.1/extensions/atmel/avrgcc/3.3.1.27/avrtoolchain/bin/../lib/gcc/avr/4.5.1/avr5\libgcc.a(_divmodsi4.o)
 .data          0x0080010b        0x0 c:/program files (x86)/atmel/avr studio 5.1/extensions/atmel/avrgcc/3.3.1.27/avrtoolchain/bin/../lib/gcc/avr/4.5.1/avr5\libgcc.a(_exit.o)
 .data          0x0080010b        0x0 c:/program files (x86)/atmel/avr studio 5.1/extensions/atmel/avrgcc/3.3.1.27/avrtoolchain/bin/../lib/gcc/avr/4.5.1/avr5\libgcc.a(_copy_data.o)
 .data          0x0080010b        0x0 c:/program files (x86)/atmel/avr studio 5.1/extensions/atmel/avrgcc/3.3.1.27/avrtoolchain/bin/../lib/gcc/avr/4.5.1/avr5\libgcc.a(_clear_bss.o)
 *(.data*)
 *(.rodata)
 *(.rodata*)
 *(.gnu.linkonce.d*)
                0x0080010c                . = ALIGN (0x2)
 *fill*         0x0080010b        0x1 00
                0x0080010c                _edata = .
                0x0080010c                PROVIDE (__data_end, .)

.bss            0x0080010c       0xe4
                0x0080010c                PROVIDE (__bss_start, .)
 *(.bss)
 .bss           0x0080010c        0x0 c:/program files (x86)/atmel/avr studio 5.1/extensions/atmel/avrgcc/3.3.1.27/avrtoolchain/bin/../lib/gcc/avr/4.5.1/../../../../avr/lib/avr5/crtm32a.o
 .bss           0x0080010c        0x0 DIO.o
 .bss           0x0080010c        0x1 ESP8266.o
                0x0080010c                Iterator
 .bss           0x0080010d        0x0 GPS.o
 .bss           0x0080010d        0x0 LCD.o
 .bss           0x0080010d        0x0 LED.o
 .bss           0x0080010d        0x0 SPI.o
 .bss           0x0080010d        0x0 transmitter_part.o
 .bss           0x0080010d        0x0 uart.o
 .bss           0x0080010d        0x0 c:/program files (x86)/atmel/avr studio 5.1/extensions/atmel/avrgcc/3.3.1.27/avrtoolchain/bin/../lib/gcc/avr/4.5.1/avr5\libgcc.a(_mulsi3.o)
 .bss           0x0080010d        0x0 c:/program files (x86)/atmel/avr studio 5.1/extensions/atmel/avrgcc/3.3.1.27/avrtoolchain/bin/../lib/gcc/avr/4.5.1/avr5\libgcc.a(_udivmodsi4.o)
 .bss           0x0080010d        0x0 c:/program files (x86)/atmel/avr studio 5.1/extensions/atmel/avrgcc/3.3.1.27/avrtoolchain/bin/../lib/gcc/avr/4.5.1/avr5\libgcc.a(_divmodsi4.o)
 .bss           0x0080010d        0x0 c:/program files (x86)/atmel/avr studio 5.1/extensions/atmel/avrgcc/3.3.1.27/avrtoolchain/bin/../lib/gcc/avr/4.5.1/avr5\libgcc.a(_exit.o)
 .bss           0x0080010d        0x0 c:/program files (x86)/atmel/avr studio 5.1/extensions/atmel/avrgcc/3.3.1.27/avrtoolchain/bin/../lib/gcc/avr/4.5.1/avr5\libgcc.a(_copy_data.o)
 .bss           0x0080010d        0x0 c:/program files (x86)/atmel/avr studio 5.1/extensions/atmel/avrgcc/3.3.1.27/avrtoolchain/bin/../lib/gcc/avr/4.5.1/avr5\libgcc.a(_clear_bss.o)
 *(.bss*)
 *(COMMON)
 COMMON         0x0080010d       0xc8 ESP8266.o
                0x0080010d                DataCome
 COMMON         0x008001d5       0x1b transmitter_part.o
                0x008001d5                longtude
                0x008001e3                latitude
                0x008001f0                PROVIDE (__bss_end, .)
                0x00000fc8                __data_load_start = LOADADDR (.data)
                0x00001074                __data_load_end = (__data_load_start + SIZEOF (.data))

.noinit         0x008001f0        0x0
                0x008001f0                PROVIDE (__noinit_start, .)
 *(.noinit*)
                0x008001f0                PROVIDE (__noinit_end, .)
                0x008001f0                _end = .
                0x008001f0                PROVIDE (__heap_start, .)

.eeprom         0x00810000        0x0
 *(.eeprom*)
                0x00810000                __eeprom_end = .

.fuse
 *(.fuse)
 *(.lfuse)
 *(.hfuse)
 *(.efuse)

.lock
 *(.lock*)

.signature
 *(.signature*)

.stab           0x00000000      0x6cc
 *(.stab)
 .stab          0x00000000      0x6cc c:/program files (x86)/atmel/avr studio 5.1/extensions/atmel/avrgcc/3.3.1.27/avrtoolchain/bin/../lib/gcc/avr/4.5.1/../../../../avr/lib/avr5/crtm32a.o

.stabstr        0x00000000       0x90
 *(.stabstr)
 .stabstr       0x00000000       0x90 c:/program files (x86)/atmel/avr studio 5.1/extensions/atmel/avrgcc/3.3.1.27/avrtoolchain/bin/../lib/gcc/avr/4.5.1/../../../../avr/lib/avr5/crtm32a.o

.stab.excl
 *(.stab.excl)

.stab.exclstr
 *(.stab.exclstr)

.stab.index
 *(.stab.index)

.stab.indexstr
 *(.stab.indexstr)

.comment
 *(.comment)

.debug
 *(.debug)

.line
 *(.line)

.debug_srcinfo
 *(.debug_srcinfo)

.debug_sfnames
 *(.debug_sfnames)

.debug_aranges  0x00000000      0x100
 *(.debug_aranges)
 .debug_aranges
                0x00000000       0x20 DIO.o
 .debug_aranges
                0x00000020       0x20 ESP8266.o
 .debug_aranges
                0x00000040       0x20 GPS.o
 .debug_aranges
                0x00000060       0x20 LCD.o
 .debug_aranges
                0x00000080       0x20 LED.o
 .debug_aranges
                0x000000a0       0x20 SPI.o
 .debug_aranges
                0x000000c0       0x20 transmitter_part.o
 .debug_aranges
                0x000000e0       0x20 uart.o

.debug_pubnames
                0x00000000      0x3ef
 *(.debug_pubnames)
 .debug_pubnames
                0x00000000       0xa2 DIO.o
 .debug_pubnames
                0x000000a2       0xbe ESP8266.o
 .debug_pubnames
                0x00000160       0x3c GPS.o
 .debug_pubnames
                0x0000019c       0x81 LCD.o
 .debug_pubnames
                0x0000021d       0x45 LED.o
 .debug_pubnames
                0x00000262       0xdb SPI.o
 .debug_pubnames
                0x0000033d       0x40 transmitter_part.o
 .debug_pubnames
                0x0000037d       0x72 uart.o

.debug_info     0x00000000     0x12bb
 *(.debug_info)
 .debug_info    0x00000000      0x256 DIO.o
 .debug_info    0x00000256      0x4da ESP8266.o
 .debug_info    0x00000730      0x14f GPS.o
 .debug_info    0x0000087f      0x43c LCD.o
 .debug_info    0x00000cbb      0x145 LED.o
 .debug_info    0x00000e00      0x1c9 SPI.o
 .debug_info    0x00000fc9      0x185 transmitter_part.o
 .debug_info    0x0000114e      0x16d uart.o
 *(.gnu.linkonce.wi.*)

.debug_abbrev   0x00000000      0x74e
 *(.debug_abbrev)
 .debug_abbrev  0x00000000       0x9d DIO.o
 .debug_abbrev  0x0000009d      0x190 ESP8266.o
 .debug_abbrev  0x0000022d       0xd7 GPS.o
 .debug_abbrev  0x00000304      0x182 LCD.o
 .debug_abbrev  0x00000486       0x76 LED.o
 .debug_abbrev  0x000004fc       0xd2 SPI.o
 .debug_abbrev  0x000005ce       0xc9 transmitter_part.o
 .debug_abbrev  0x00000697       0xb7 uart.o

.debug_line     0x00000000     0x13b5
 *(.debug_line)
 .debug_line    0x00000000      0x340 DIO.o
 .debug_line    0x00000340      0x3de ESP8266.o
 .debug_line    0x0000071e      0x138 GPS.o
 .debug_line    0x00000856      0x480 LCD.o
 .debug_line    0x00000cd6      0x180 LED.o
 .debug_line    0x00000e56      0x200 SPI.o
 .debug_line    0x00001056      0x15f transmitter_part.o
 .debug_line    0x000011b5      0x200 uart.o

.debug_frame    0x00000000      0x330
 *(.debug_frame)
 .debug_frame   0x00000000       0x90 DIO.o
 .debug_frame   0x00000090       0x70 ESP8266.o
 .debug_frame   0x00000100       0x30 GPS.o
 .debug_frame   0x00000130       0x80 LCD.o
 .debug_frame   0x000001b0       0x50 LED.o
 .debug_frame   0x00000200       0xa0 SPI.o
 .debug_frame   0x000002a0       0x30 transmitter_part.o
 .debug_frame   0x000002d0       0x60 uart.o

.debug_str      0x00000000      0x4e6
 *(.debug_str)
 .debug_str     0x00000000      0x115 DIO.o
                                0x13c (size before relaxing)
 .debug_str     0x00000115      0x15d ESP8266.o
                                0x226 (size before relaxing)
 .debug_str     0x00000272       0x68 GPS.o
                                0x156 (size before relaxing)
 .debug_str     0x000002da       0x7e LCD.o
                                0x1cb (size before relaxing)
 .debug_str     0x00000358       0x2e LED.o
                                 0xef (size before relaxing)
 .debug_str     0x00000386       0xb9 SPI.o
                                0x187 (size before relaxing)
 .debug_str     0x0000043f       0x47 transmitter_part.o
                                0x149 (size before relaxing)
 .debug_str     0x00000486       0x60 uart.o
                                0x15c (size before relaxing)

.debug_loc      0x00000000      0xbd9
 *(.debug_loc)
 .debug_loc     0x00000000      0x3ac DIO.o
 .debug_loc     0x000003ac      0x17c ESP8266.o
 .debug_loc     0x00000528       0xce GPS.o
 .debug_loc     0x000005f6      0x1ae LCD.o
 .debug_loc     0x000007a4      0x1a0 LED.o
 .debug_loc     0x00000944       0xf7 SPI.o
 .debug_loc     0x00000a3b      0x104 transmitter_part.o
 .debug_loc     0x00000b3f       0x9a uart.o

.debug_macinfo
 *(.debug_macinfo)
OUTPUT(transmitter_part.elf elf32-avr)
LOAD linker stubs

.debug_pubtypes
                0x00000000      0x14d
 .debug_pubtypes
                0x00000000       0x1d DIO.o
 .debug_pubtypes
                0x0000001d       0x37 ESP8266.o
 .debug_pubtypes
                0x00000054       0x1d GPS.o
 .debug_pubtypes
                0x00000071       0x43 LCD.o
 .debug_pubtypes
                0x000000b4       0x1d LED.o
 .debug_pubtypes
                0x000000d1       0x1d SPI.o
 .debug_pubtypes
                0x000000ee       0x29 transmitter_part.o
 .debug_pubtypes
                0x00000117       0x36 uart.o
